   Γû▓ Next.js 14.1.0
   - Environments: .env.local

   Creating an optimized production build ...
 Γ£ô Compiled successfully
   Linting and checking validity of types ...
node.exe : Failed to compile.
At line:1 char:1
+ & "C:\Program Files\nodejs/node.exe" "C:\Program Files\nodejs/node_mo ...
+ ~~~~~~~~~~~~~~~~~~~~~~~~~~~~~~~~~~~~~~~~~~~~~~~~~~~~~~~~~~~~~~~~~~~~~
    + CategoryInfo          : NotSpecified: (Failed to compile.:String) [], Re 
   moteException
    + FullyQualifiedErrorId : NativeCommandError
 

./lib/prisma.ts:1:10
Type error: Module '"@prisma/client"' has no exported member 'PrismaClient'.

[0m[31m[1m>[22m[39m[90m 1 |[39m [36mimport[39m { 
[33mPrismaClient[39m } [36mfrom[39m 
[32m"@prisma/client"[39m[33m;[39m[0m
[0m [90m   |[39m          [31m[1m^[22m[39m[0m
[0m [90m 2 |[39m[0m
[0m [90m 3 |[39m [36mconst[39m globalForPrisma [33m=[39m global 
[36mas[39m unknown [36mas[39m {[0m
[0m [90m 4 |[39m   prisma[33m:[39m [33mPrismaClient[39m[33m;[39m[0m
